17:54:15 **** Incremental Build of configuration Debug for project xaxidma_example_simple_intr_1 ****
make all 
make --no-print-directory pre-build
a9-linaro-pre-build-step
' '
make --no-print-directory main-build
'Building file: ../src/xaxidma_example_simple_intr.c'
'Invoking: ARM v7 gcc compiler'
arm-none-eabi-gcc -Wall -O0 -g3 -c -fmessage-length=0 -MT"src/xaxidma_example_simple_intr.o" -mcpu=cortex-a9 -mfpu=vfpv3 -mfloat-abi=hard -IC:/Users/SUXP/Desktop/AXI_DMA_LOOP_dwt/vitis/design_1_wrapper/export/design_1_wrapper/sw/design_1_wrapper/standalone_ps7_cortexa9_0/bspinclude/include -MMD -MP -MF"src/xaxidma_example_simple_intr.d" -MT"src/xaxidma_example_simple_intr.o" -o "src/xaxidma_example_simple_intr.o" "../src/xaxidma_example_simple_intr.c"
../src/xaxidma_example_simple_intr.c:97:2: warning: #warning CHECK FOR THE VALID DDR ADDRESS IN XPARAMETERS.H, DEFAULT SET TO 0x01000000 [-Wcpp]
   97 | #warning CHECK FOR THE VALID DDR ADDRESS IN XPARAMETERS.H, \
      |  ^~~~~~~
'Finished building: ../src/xaxidma_example_simple_intr.c'
' '
'Building target: xaxidma_example_simple_intr_1.elf'
'Invoking: ARM v7 gcc linker'
arm-none-eabi-gcc -mcpu=cortex-a9 -mfpu=vfpv3 -mfloat-abi=hard -Wl,-build-id=none -specs=Xilinx.spec -Wl,-T -Wl,../src/lscript.ld -LC:/Users/SUXP/Desktop/AXI_DMA_LOOP_dwt/vitis/design_1_wrapper/export/design_1_wrapper/sw/design_1_wrapper/standalone_ps7_cortexa9_0/bsplib/lib -o "xaxidma_example_simple_intr_1.elf"  ./src/xaxidma_example_simple_intr.o   -Wl,--start-group,-lxil,-lgcc,-lc,--end-group
'Finished building target: xaxidma_example_simple_intr_1.elf'
' '
'Invoking: ARM v7 Print Size'
arm-none-eabi-size xaxidma_example_simple_intr_1.elf  |tee "xaxidma_example_simple_intr_1.elf.size"
   text	   data	    bss	    dec	    hex	filename
  39964	   3024	  24552	  67540	  107d4	xaxidma_example_simple_intr_1.elf
'Finished building: xaxidma_example_simple_intr_1.elf.size'
' '

17:54:16 Build Finished (took 813ms)

