Nothing to build in platform 'design_1_wrapper'

16:53:27 **** Incremental Build of configuration Debug for project LCD ****
make all 
make --no-print-directory pre-build
a9-linaro-pre-build-step
' '
make --no-print-directory main-build
'Building file: ../src/lcd.c'
'Invoking: ARM v7 gcc compiler'
arm-none-eabi-gcc -Wall -O0 -g3 -c -fmessage-length=0 -MT"src/lcd.o" -mcpu=cortex-a9 -mfpu=vfpv3 -mfloat-abi=hard -IC:/Users/SUXP/Desktop/LCD/vitis/design_1_wrapper/export/design_1_wrapper/sw/design_1_wrapper/standalone_ps7_cortexa9_0/bspinclude/include -MMD -MP -MF"src/lcd.d" -MT"src/lcd.o" -o "src/lcd.o" "../src/lcd.c"
'Finished building: ../src/lcd.c'
' '
'Building target: LCD.elf'
'Invoking: ARM v7 gcc linker'
arm-none-eabi-gcc -mcpu=cortex-a9 -mfpu=vfpv3 -mfloat-abi=hard -Wl,-build-id=none -specs=Xilinx.spec -Wl,-T -Wl,../src/lscript.ld -LC:/Users/SUXP/Desktop/LCD/vitis/design_1_wrapper/export/design_1_wrapper/sw/design_1_wrapper/standalone_ps7_cortexa9_0/bsplib/lib -o "LCD.elf"  ./src/lcd.o ./src/main.o   -Wl,--start-group,-lxil,-lgcc,-lc,--end-group
'Finished building target: LCD.elf'
' '
'Invoking: ARM v7 Print Size'
arm-none-eabi-size LCD.elf  |tee "LCD.elf.size"
   text	   data	    bss	    dec	    hex	filename
  28902	   1152	  22680	  52734	   cdfe	LCD.elf
'Finished building: LCD.elf.size'
' '
16:53:28 **** Incremental Build of configuration Debug for project LCD_system ****
make all 
Generating bif file for the system project
generate_system_bif.bat 55876 C:/Users/SUXP/Desktop/LCD/vitis/design_1_wrapper/export/design_1_wrapper/design_1_wrapper.xpfm standalone_ps7_cortexa9_0 C:/Users/SUXP/Desktop/LCD/vitis/LCD_system/Debug/system.bif
sdcard_gen --xpfm C:/Users/SUXP/Desktop/LCD/vitis/design_1_wrapper/export/design_1_wrapper/design_1_wrapper.xpfm --sys_config design_1_wrapper --bif C:/Users/SUXP/Desktop/LCD/vitis/LCD_system/Debug/system.bif --bitstream C:/Users/SUXP/Desktop/LCD/vitis/LCD/_ide/bitstream/design_1_wrapper.bit --elf C:/Users/SUXP/Desktop/LCD/vitis/LCD/Debug/LCD.elf,ps7_cortexa9_0
creating BOOT.BIN using C:/Users/SUXP/Desktop/LCD/vitis/LCD/_ide/bitstream/design_1_wrapper.bit
Running D:/Xilinx/Vitis/2021.1/bin/bootgen  -image C:/Users/SUXP/Desktop/LCD/vitis/LCD_system/Debug/sd_card_temp/boot.bif -w -o i BOOT.BIN
