Nothing to build in platform 'design_1_wrapper'

17:04:58 **** Incremental Build of configuration Debug for project GPIO_EMIO ****
make all 
make --no-print-directory pre-build
a9-linaro-pre-build-step
' '
make --no-print-directory main-build
'Building file: ../src/main.c'
'Invoking: ARM v7 gcc compiler'
arm-none-eabi-gcc -Wall -O0 -g3 -c -fmessage-length=0 -MT"src/main.o" -mcpu=cortex-a9 -mfpu=vfpv3 -mfloat-abi=hard -IC:/Users/SUXP/Desktop/GPIO_EMIO/vitis/design_1_wrapper/export/design_1_wrapper/sw/design_1_wrapper/standalone_ps7_cortexa9_0/bspinclude/include -MMD -MP -MF"src/main.d" -MT"src/main.o" -o "src/main.o" "../src/main.c"
'Finished building: ../src/main.c'
' '
'Building target: GPIO_EMIO.elf'
'Invoking: ARM v7 gcc linker'
arm-none-eabi-gcc -mcpu=cortex-a9 -mfpu=vfpv3 -mfloat-abi=hard -Wl,-build-id=none -specs=Xilinx.spec -Wl,-T -Wl,../src/lscript.ld -LC:/Users/SUXP/Desktop/GPIO_EMIO/vitis/design_1_wrapper/export/design_1_wrapper/sw/design_1_wrapper/standalone_ps7_cortexa9_0/bsplib/lib -o "GPIO_EMIO.elf"  ./src/main.o   -Wl,--start-group,-lxil,-lgcc,-lc,--end-group
'Finished building target: GPIO_EMIO.elf'
' '
'Invoking: ARM v7 Print Size'
arm-none-eabi-size GPIO_EMIO.elf  |tee "GPIO_EMIO.elf.size"
   text	   data	    bss	    dec	    hex	filename
  33986	   2208	  22696	  58890	   e60a	GPIO_EMIO.elf
'Finished building: GPIO_EMIO.elf.size'
' '
17:04:59 **** Incremental Build of configuration Debug for project GPIO_EMIO_system ****
make all 
Generating bif file for the system project
generate_system_bif.bat 51922 C:/Users/SUXP/Desktop/GPIO_EMIO/vitis/design_1_wrapper/export/design_1_wrapper/design_1_wrapper.xpfm standalone_ps7_cortexa9_0 C:/Users/SUXP/Desktop/GPIO_EMIO/vitis/GPIO_EMIO_system/Debug/system.bif
sdcard_gen --xpfm C:/Users/SUXP/Desktop/GPIO_EMIO/vitis/design_1_wrapper/export/design_1_wrapper/design_1_wrapper.xpfm --sys_config design_1_wrapper --bif C:/Users/SUXP/Desktop/GPIO_EMIO/vitis/GPIO_EMIO_system/Debug/system.bif --bitstream C:/Users/SUXP/Desktop/GPIO_EMIO/vitis/GPIO_EMIO/_ide/bitstream/design_1_wrapper.bit --elf C:/Users/SUXP/Desktop/GPIO_EMIO/vitis/GPIO_EMIO/Debug/GPIO_EMIO.elf,ps7_cortexa9_0
creating BOOT.BIN using C:/Users/SUXP/Desktop/GPIO_EMIO/vitis/GPIO_EMIO/_ide/bitstream/design_1_wrapper.bit
Running D:/Xilinx/Vitis/2021.1/bin/bootgen  -image C:/Users/SUXP/Desktop/GPIO_EMIO/vitis/GPIO_EMIO_system/Debug/sd_card_temp/boot.bif -w -o i BOOT.BIN
