17:04:58 **** Incremental Build of configuration Debug for project GPIO_EMIO ****
make all 
make --no-print-directory pre-build
a9-linaro-pre-build-step
' '
make --no-print-directory main-build
'Building file: ../src/main.c'
'Invoking: ARM v7 gcc compiler'
arm-none-eabi-gcc -Wall -O0 -g3 -c -fmessage-length=0 -MT"src/main.o" -mcpu=cortex-a9 -mfpu=vfpv3 -mfloat-abi=hard -IC:/Users/SUXP/Desktop/GPIO_EMIO/vitis/design_1_wrapper/export/design_1_wrapper/sw/design_1_wrapper/standalone_ps7_cortexa9_0/bspinclude/include -MMD -MP -MF"src/main.d" -MT"src/main.o" -o "src/main.o" "../src/main.c"
'Finished building: ../src/main.c'
' '
'Building target: GPIO_EMIO.elf'
'Invoking: ARM v7 gcc linker'
arm-none-eabi-gcc -mcpu=cortex-a9 -mfpu=vfpv3 -mfloat-abi=hard -Wl,-build-id=none -specs=Xilinx.spec -Wl,-T -Wl,../src/lscript.ld -LC:/Users/SUXP/Desktop/GPIO_EMIO/vitis/design_1_wrapper/export/design_1_wrapper/sw/design_1_wrapper/standalone_ps7_cortexa9_0/bsplib/lib -o "GPIO_EMIO.elf"  ./src/main.o   -Wl,--start-group,-lxil,-lgcc,-lc,--end-group
'Finished building target: GPIO_EMIO.elf'
' '
'Invoking: ARM v7 Print Size'
arm-none-eabi-size GPIO_EMIO.elf  |tee "GPIO_EMIO.elf.size"
   text	   data	    bss	    dec	    hex	filename
  33986	   2208	  22696	  58890	   e60a	GPIO_EMIO.elf
'Finished building: GPIO_EMIO.elf.size'
' '

17:04:58 Build Finished (took 672ms)

