Nothing to build in platform 'design_1_wrapper'

12:56:59 **** Incremental Build of configuration Debug for project OLED ****
make all 
make --no-print-directory pre-build
a9-linaro-pre-build-step
' '
make --no-print-directory main-build
'Building file: ../src/helloworld.c'
'Invoking: ARM v7 gcc compiler'
arm-none-eabi-gcc -Wall -O0 -g3 -c -fmessage-length=0 -MT"src/helloworld.o" -mcpu=cortex-a9 -mfpu=vfpv3 -mfloat-abi=hard -IC:/Users/SUXP/Desktop/OLED/vitis/design_1_wrapper/export/design_1_wrapper/sw/design_1_wrapper/standalone_ps7_cortexa9_0/bspinclude/include -MMD -MP -MF"src/helloworld.d" -MT"src/helloworld.o" -o "src/helloworld.o" "../src/helloworld.c"
'Finished building: ../src/helloworld.c'
' '
'Building target: OLED.elf'
'Invoking: ARM v7 gcc linker'
arm-none-eabi-gcc -mcpu=cortex-a9 -mfpu=vfpv3 -mfloat-abi=hard -Wl,-build-id=none -specs=Xilinx.spec -Wl,-T -Wl,../src/lscript.ld -LC:/Users/SUXP/Desktop/OLED/vitis/design_1_wrapper/export/design_1_wrapper/sw/design_1_wrapper/standalone_ps7_cortexa9_0/bsplib/lib -o "OLED.elf"  ./src/helloworld.o ./src/platform.o   -Wl,--start-group,-lxil,-lgcc,-lc,--end-group
'Finished building target: OLED.elf'
' '
'Invoking: ARM v7 Print Size'
arm-none-eabi-size OLED.elf  |tee "OLED.elf.size"
   text	   data	    bss	    dec	    hex	filename
  27102	   1152	  22616	  50870	   c6b6	OLED.elf
'Finished building: OLED.elf.size'
' '
12:57:00 **** Incremental Build of configuration Debug for project OLED_system ****
make all 
Generating bif file for the system project
generate_system_bif.bat 59866 C:/Users/SUXP/Desktop/OLED/vitis/design_1_wrapper/export/design_1_wrapper/design_1_wrapper.xpfm standalone_ps7_cortexa9_0 C:/Users/SUXP/Desktop/OLED/vitis/OLED_system/Debug/system.bif
sdcard_gen --xpfm C:/Users/SUXP/Desktop/OLED/vitis/design_1_wrapper/export/design_1_wrapper/design_1_wrapper.xpfm --sys_config design_1_wrapper --bif C:/Users/SUXP/Desktop/OLED/vitis/OLED_system/Debug/system.bif --bitstream C:/Users/SUXP/Desktop/OLED/vitis/OLED/_ide/bitstream/design_1_wrapper.bit --elf C:/Users/SUXP/Desktop/OLED/vitis/OLED/Debug/OLED.elf,ps7_cortexa9_0
creating BOOT.BIN using C:/Users/SUXP/Desktop/OLED/vitis/OLED/_ide/bitstream/design_1_wrapper.bit
Running D:/Xilinx/Vitis/2021.1/bin/bootgen  -image C:/Users/SUXP/Desktop/OLED/vitis/OLED_system/Debug/sd_card_temp/boot.bif -w -o i BOOT.BIN
