17:40:53 **** Incremental Build of configuration Debug for project ov7725 ****
make all 
make --no-print-directory pre-build
a9-linaro-pre-build-step
' '
make --no-print-directory main-build
'Building file: ../src/ov7725.c'
'Invoking: ARM v7 gcc compiler'
arm-none-eabi-gcc -Wall -O0 -g3 -c -fmessage-length=0 -MT"src/ov7725.o" -mcpu=cortex-a9 -mfpu=vfpv3 -mfloat-abi=hard -IC:/Users/SUXP/Desktop/ov7725/vitis/design_1_wrapper/export/design_1_wrapper/sw/design_1_wrapper/standalone_ps7_cortexa9_0/bspinclude/include -MMD -MP -MF"src/ov7725.d" -MT"src/ov7725.o" -o "src/ov7725.o" "../src/ov7725.c"
'Finished building: ../src/ov7725.c'
' '
'Building target: ov7725.elf'
'Invoking: ARM v7 gcc linker'
arm-none-eabi-gcc -mcpu=cortex-a9 -mfpu=vfpv3 -mfloat-abi=hard -Wl,-build-id=none -specs=Xilinx.spec -Wl,-T -Wl,../src/lscript.ld -LC:/Users/SUXP/Desktop/ov7725/vitis/design_1_wrapper/export/design_1_wrapper/sw/design_1_wrapper/standalone_ps7_cortexa9_0/bsplib/lib -o "ov7725.elf"  ./src/main.o ./src/ov7725.o ./src/vdma_api.o   -Wl,--start-group,-lxil,-lgcc,-lc,--end-group
'Finished building target: ov7725.elf'
' '
'Invoking: ARM v7 Print Size'
arm-none-eabi-size ov7725.elf  |tee "ov7725.elf.size"
   text	   data	    bss	    dec	    hex	filename
  38570	   2192	  22712	  63474	   f7f2	ov7725.elf
'Finished building: ov7725.elf.size'
' '

17:40:54 Build Finished (took 750ms)

