11:14:17 **** Build of configuration Debug for project gpio-mio-led ****
make all 
make --no-print-directory pre-build
a9-linaro-pre-build-step
' '
make --no-print-directory main-build
'Building file: ../src/main.c'
'Invoking: ARM v7 gcc compiler'
arm-none-eabi-gcc -Wall -O0 -g3 -c -fmessage-length=0 -MT"src/main.o" -mcpu=cortex-a9 -mfpu=vfpv3 -mfloat-abi=hard -IC:/Users/SUXP/Desktop/GPIO_MIO_LED/GPIO_MIO_LED_vitis/system_wrapper/export/system_wrapper/sw/system_wrapper/standalone_ps7_cortexa9_0/bspinclude/include -MMD -MP -MF"src/main.d" -MT"src/main.o" -o "src/main.o" "../src/main.c"
'Finished building: ../src/main.c'
' '
'Building target: gpio-mio-led.elf'
'Invoking: ARM v7 gcc linker'
arm-none-eabi-gcc -mcpu=cortex-a9 -mfpu=vfpv3 -mfloat-abi=hard -Wl,-build-id=none -specs=Xilinx.spec -Wl,-T -Wl,../src/lscript.ld -LC:/Users/SUXP/Desktop/GPIO_MIO_LED/GPIO_MIO_LED_vitis/system_wrapper/export/system_wrapper/sw/system_wrapper/standalone_ps7_cortexa9_0/bsplib/lib -o "gpio-mio-led.elf"  ./src/main.o   -Wl,--start-group,-lxil,-lgcc,-lc,--end-group
'Finished building target: gpio-mio-led.elf'
' '
'Invoking: ARM v7 Print Size'
arm-none-eabi-size gpio-mio-led.elf  |tee "gpio-mio-led.elf.size"
   text	   data	    bss	    dec	    hex	filename
  33218	   2192	  22680	  58090	   e2ea	gpio-mio-led.elf
'Finished building: gpio-mio-led.elf.size'
' '

11:14:17 Build Finished (took 848ms)

